2025-03-17 14:37:35,151 - vehicle_classifier.training - INFO - Loaded config: {'model_params': {'n_estimators': [100, 200], 'max_depth': [10], 'min_samples_split': [2, 5], 'min_samples_leaf': [1, 2], 'bootstrap': [True, False], 'max_features': ['sqrt', 'log2']}}
2025-03-17 14:37:36,220 - vehicle_classifier.training - INFO - Starting MLflow run: bd9fd43a78fa4188afb55670c385699f with run name: classification_[100, 200]_default
2025-03-17 14:37:36,400 - vehicle_classifier.training - INFO - Data successfully loaded.
2025-03-17 14:37:36,400 - vehicle_classifier.training - INFO - Preprocessing data...
2025-03-17 14:37:36,439 - vehicle_classifier.training - INFO - Encoding dealer_type (Unique values: 2)
2025-03-17 14:37:36,456 - vehicle_classifier.training - INFO - Encoding stock_type (Unique values: 2)
2025-03-17 14:37:36,476 - vehicle_classifier.training - INFO - Encoding make (Unique values: 44)
2025-03-17 14:37:36,490 - vehicle_classifier.training - INFO - Encoding model (Unique values: 689)
2025-03-17 14:37:36,504 - vehicle_classifier.training - INFO - Encoding transmission_from_vin (Unique values: 2)
2025-03-17 14:37:36,522 - vehicle_classifier.training - INFO - Encoding fuel_type_from_vin (Unique values: 7)
2025-03-17 14:37:36,534 - vehicle_classifier.training - INFO - Data preprocessing complete.
2025-03-17 14:37:36,559 - vehicle_classifier.training - INFO - Data split into train and test sets. Train size: 95820, Test size: 23956
2025-03-17 14:37:36,560 - vehicle_classifier.training - INFO - Starting hyperparameter tuning with GridSearchCV...
2025-03-17 14:41:42,566 - vehicle_classifier.training - INFO - Best model found: RandomForestClassifier(bootstrap=False, max_depth=10, random_state=42)
2025-03-17 14:41:45,194 - vehicle_classifier.training - INFO - Model saved to /home/moyo/Vehicle_Transmission_Classifier_App-1/src/models/vehicle_transmission_model.pkl
2025-03-17 14:41:45,194 - vehicle_classifier.training - INFO - MLflow Run ID: bd9fd43a78fa4188afb55670c385699f
2025-03-23 19:12:04,726 - vehicle_classifier.training - INFO - Loaded config: {'model_params': {'n_estimators': [100, 200], 'max_depth': [10], 'min_samples_split': [2, 5], 'min_samples_leaf': [1, 2], 'bootstrap': [True, False], 'max_features': ['sqrt', 'log2']}}
2025-03-23 19:12:06,104 - vehicle_classifier.training - INFO - Starting MLflow run: fbb21a828bcd444082d9eb4455c0bf63 with run name: classification_[100, 200]_default
2025-03-23 19:12:06,302 - vehicle_classifier.training - INFO - Data successfully loaded.
2025-03-23 19:12:06,303 - vehicle_classifier.training - INFO - Preprocessing data...
2025-03-23 19:12:06,345 - vehicle_classifier.training - INFO - Encoding dealer_type (Unique values: 2)
2025-03-23 19:12:06,362 - vehicle_classifier.training - INFO - Encoding stock_type (Unique values: 2)
2025-03-23 19:12:06,378 - vehicle_classifier.training - INFO - Encoding make (Unique values: 44)
2025-03-23 19:12:06,395 - vehicle_classifier.training - INFO - Encoding model (Unique values: 689)
2025-03-23 19:12:06,412 - vehicle_classifier.training - INFO - Encoding transmission_from_vin (Unique values: 2)
2025-03-23 19:12:06,427 - vehicle_classifier.training - INFO - Encoding fuel_type_from_vin (Unique values: 7)
2025-03-23 19:12:06,443 - vehicle_classifier.training - INFO - Data preprocessing complete.
2025-03-23 19:12:06,475 - vehicle_classifier.training - INFO - Data split into train and test sets. Train size: 95820, Test size: 23956
2025-03-23 19:12:06,476 - vehicle_classifier.training - INFO - Starting hyperparameter tuning with GridSearchCV...
2025-03-23 19:16:41,559 - vehicle_classifier.training - INFO - Best model found: RandomForestClassifier(bootstrap=False, max_depth=10, random_state=42)
2025-03-23 19:16:45,159 - vehicle_classifier.training - INFO - Model saved to /home/moyo/Vehicle_Transmission_Classifier_App-1/src/models/vehicle_transmission_model.pkl
2025-03-23 19:16:45,160 - vehicle_classifier.training - INFO - MLflow Run ID: fbb21a828bcd444082d9eb4455c0bf63
